// Jest Snapshot v1, https://goo.gl/fbAQLP

exports[`App renders correctly 1`] = `
"<div>
  <h2>
    To-do List
  </h2>
  <div className=\\"task-list\\" />
  <Button className=\\"btn-add\\" onClick={[Function]} variant=\\"primary\\" active={false} disabled={false} type=\\"button\\">
    Add task
  </Button>
</div>"
`;
